Using pre-set license
Built from '6000.0/staging' branch; Version is '6000.0.32f1 (b2e806cf271c) revision 11724806'; Using compiler version '193933523'; Build Type 'Release'
OS: 'Windows 11  (10.0.26200) 64bit CoreSingleLanguage' Language: 'en' Physical Memory: 15709 MB
BatchMode: 1, IsHumanControllingUs: 0, StartBugReporterOnCrash: 0, Is64bit: 1, IsPro: 1

COMMAND LINE ARGUMENTS:
C:\Program Files\Unity\Hub\Editor\6000.0.32f1\Editor\Unity.exe
-adb2
-batchMode
-noUpm
-name
AssetImportWorker4
-projectPath
C:/Users/Bisal shah/OneDrive/Desktop/Git/Harvest-of-the-DeaD/Harvest of the Dead
-logFile
Logs/AssetImportWorker4.log
-srvPort
49686
-job-worker-count
7
-background-job-worker-count
8
-gc-helper-count
1
Successfully changed project path to: C:/Users/Bisal shah/OneDrive/Desktop/Git/Harvest-of-the-DeaD/Harvest of the Dead
C:/Users/Bisal shah/OneDrive/Desktop/Git/Harvest-of-the-DeaD/Harvest of the Dead
[UnityMemory] Configuration Parameters - Can be set up in boot.config
    "memorysetup-bucket-allocator-granularity=16"
    "memorysetup-bucket-allocator-bucket-count=8"
    "memorysetup-bucket-allocator-block-size=33554432"
    "memorysetup-bucket-allocator-block-count=8"
    "memorysetup-main-allocator-block-size=16777216"
    "memorysetup-thread-allocator-block-size=16777216"
    "memorysetup-gfx-main-allocator-block-size=16777216"
    "memorysetup-gfx-thread-allocator-block-size=16777216"
    "memorysetup-cache-allocator-block-size=4194304"
    "memorysetup-typetree-allocator-block-size=2097152"
    "memorysetup-profiler-bucket-allocator-granularity=16"
    "memorysetup-profiler-bucket-allocator-bucket-count=8"
    "memorysetup-profiler-bucket-allocator-block-size=33554432"
    "memorysetup-profiler-bucket-allocator-block-count=8"
    "memorysetup-profiler-allocator-block-size=16777216"
    "memorysetup-profiler-editor-allocator-block-size=1048576"
    "memorysetup-temp-allocator-size-main=16777216"
    "memorysetup-job-temp-allocator-block-size=2097152"
    "memorysetup-job-temp-allocator-block-size-background=1048576"
    "memorysetup-job-temp-allocator-reduction-small-platforms=262144"
    "memorysetup-allocator-temp-initial-block-size-main=262144"
    "memorysetup-allocator-temp-initial-block-size-worker=262144"
    "memorysetup-temp-allocator-size-background-worker=32768"
    "memorysetup-temp-allocator-size-job-worker=262144"
    "memorysetup-temp-allocator-size-preload-manager=33554432"
    "memorysetup-temp-allocator-size-nav-mesh-worker=65536"
    "memorysetup-temp-allocator-size-audio-worker=65536"
    "memorysetup-temp-allocator-size-cloud-worker=32768"
    "memorysetup-temp-allocator-size-gi-baking-worker=262144"
    "memorysetup-temp-allocator-size-gi-baking-worker=262144"
    "memorysetup-temp-allocator-size-gi-baking-worker=262144"
    "memorysetup-temp-allocator-size-gi-baking-worker=262144"
    "memorysetup-temp-allocator-size-gi-baking-worker=262144"
    "memorysetup-temp-allocator-size-gfx=262144"
Player connection [6188]  Target information:

Player connection [6188]  * "[IP] 10.1.116.121 [Port] 0 [Flags] 2 [Guid] 3055205029 [EditorId] 3055205029 [Version] 1048832 [Id] WindowsEditor(7,BISAL-CHAURASIYA) [Debug] 1 [PackageName] WindowsEditor [ProjectName] Editor" 

Player connection [6188] Host joined multi-casting on [225.0.0.222:54997]...
Player connection [6188] Host joined alternative multi-casting on [225.0.0.222:34997]...
JobSystem: Creating JobQueue using job-worker-count value 7
[Physics::Module] Initialized fallback backend.
[Physics::Module] Id: 0xdecafbad
Library Redirect Path: Library/
[Physics::Module] Selected backend.
[Physics::Module] Name: PhysX
[Physics::Module] Id: 0xf2b8ea05
[Physics::Module] SDK Version: 4.1.2
[Physics::Module] Integration Version: 1.0.0
[Physics::Module] Threading Mode: Multi-Threaded
Refreshing native plugins compatible for Editor in 3.22 ms, found 3 plugins.
Preloading 0 native plugins for Editor in 0.00 ms.
Initialize engine version: 6000.0.32f1 (b2e806cf271c)
[Subsystems] Discovering subsystems at path C:/Program Files/Unity/Hub/Editor/6000.0.32f1/Editor/Data/Resources/UnitySubsystems
[Subsystems] Discovering subsystems at path C:/Users/Bisal shah/OneDrive/Desktop/Git/Harvest-of-the-DeaD/Harvest of the Dead/Assets
GfxDevice: creating device client; kGfxThreadingModeNonThreaded
Direct3D:
    Version:  Direct3D 11.0 [level 11.1]
    Renderer: AMD Radeon(TM) Graphics (ID=0x164c)
    Vendor:   ATI
    VRAM:     7854 MB
    Driver:   31.0.21912.3005
Initialize mono
Mono path[0] = 'C:/Program Files/Unity/Hub/Editor/6000.0.32f1/Editor/Data/Managed'
Mono path[1] = 'C:/Program Files/Unity/Hub/Editor/6000.0.32f1/Editor/Data/MonoBleedingEdge/lib/mono/unityjit-win32'
Mono config path = 'C:/Program Files/Unity/Hub/Editor/6000.0.32f1/Editor/Data/MonoBleedingEdge/etc'
Using monoOptions --debugger-agent=transport=dt_socket,embedding=1,server=y,suspend=n,address=127.0.0.1:56064
Begin MonoManager ReloadAssembly
Registering precompiled unity dll's ...
Register platform support module: C:/Program Files/Unity/Hub/Editor/6000.0.32f1/Editor/Data/PlaybackEngines/WebGLSupport/UnityEditor.WebGL.Extensions.dll
Register platform support module: C:/Program Files/Unity/Hub/Editor/6000.0.32f1/Editor/Data/PlaybackEngines/WindowsStandaloneSupport/UnityEditor.WindowsStandalone.Extensions.dll
Register platform support module: C:/Program Files/Unity/Hub/Editor/6000.0.32f1/Editor/Data/PlaybackEngines/AndroidPlayer/UnityEditor.Android.Extensions.dll
Register platform support module: C:/Program Files/Unity/Hub/Editor/6000.0.32f1/Editor/Data/PlaybackEngines/iOSSupport/UnityEditor.iOS.Extensions.dll
Registered in 0.011186 seconds.
- Loaded All Assemblies, in  0.709 seconds
[usbmuxd] Start listen thread
[usbmuxd] Listen thread started
Native extension for iOS target not found
Native extension for Android target not found
Android Extension - Scanning For ADB Devices 425 ms
Native extension for WindowsStandalone target not found
Native extension for WebGL target not found
Mono: successfully reloaded assembly
- Finished resetting the current domain, in  1.011 seconds
Domain Reload Profiling: 1716ms
	BeginReloadAssembly (245ms)
		ExecutionOrderSort (0ms)
		DisableScriptedObjects (0ms)
		BackupInstance (0ms)
		ReleaseScriptingObjects (0ms)
		CreateAndSetChildDomain (1ms)
	RebuildCommonClasses (72ms)
	RebuildNativeTypeToScriptingClass (22ms)
	initialDomainReloadingComplete (89ms)
	LoadAllAssembliesAndSetupDomain (276ms)
		LoadAssemblies (241ms)
		RebuildTransferFunctionScriptingTraits (0ms)
		AnalyzeDomain (268ms)
			TypeCache.Refresh (266ms)
				TypeCache.ScanAssembly (250ms)
			BuildScriptInfoCaches (0ms)
			ResolveRequiredComponents (1ms)
	FinalizeReload (1012ms)
		ReleaseScriptCaches (0ms)
		RebuildScriptCaches (0ms)
		SetupLoadedEditorAssemblies (946ms)
			LogAssemblyErrors (0ms)
			InitializePlatformSupportModulesInManaged (588ms)
			SetLoadedEditorAssemblies (5ms)
			BeforeProcessingInitializeOnLoad (65ms)
			ProcessInitializeOnLoadAttributes (172ms)
			ProcessInitializeOnLoadMethodAttributes (115ms)
			AfterProcessingInitializeOnLoad (0ms)
			EditorAssembliesLoaded (0ms)
		ExecutionOrderSort2 (0ms)
		AwakeInstancesAfterBackupRestoration (0ms)
========================================================================
Worker process is ready to serve import requests
Import Worker Mode flag is 0x00
Begin MonoManager ReloadAssembly
- Loaded All Assemblies, in  1.187 seconds
Refreshing native plugins compatible for Editor in 1.20 ms, found 3 plugins.
Native extension for iOS target not found
Native extension for Android target not found
Native extension for WindowsStandalone target not found
Native extension for WebGL target not found
Mono: successfully reloaded assembly
- Finished resetting the current domain, in  0.979 seconds
Domain Reload Profiling: 2156ms
	BeginReloadAssembly (266ms)
		ExecutionOrderSort (0ms)
		DisableScriptedObjects (6ms)
		BackupInstance (0ms)
		ReleaseScriptingObjects (0ms)
		CreateAndSetChildDomain (53ms)
	RebuildCommonClasses (73ms)
	RebuildNativeTypeToScriptingClass (20ms)
	initialDomainReloadingComplete (64ms)
	LoadAllAssembliesAndSetupDomain (754ms)
		LoadAssemblies (575ms)
		RebuildTransferFunctionScriptingTraits (0ms)
		AnalyzeDomain (347ms)
			TypeCache.Refresh (231ms)
				TypeCache.ScanAssembly (213ms)
			BuildScriptInfoCaches (97ms)
			ResolveRequiredComponents (13ms)
	FinalizeReload (979ms)
		ReleaseScriptCaches (0ms)
		RebuildScriptCaches (0ms)
		SetupLoadedEditorAssemblies (777ms)
			LogAssemblyErrors (0ms)
			InitializePlatformSupportModulesInManaged (20ms)
			SetLoadedEditorAssemblies (4ms)
			BeforeProcessingInitializeOnLoad (152ms)
			ProcessInitializeOnLoadAttributes (492ms)
			ProcessInitializeOnLoadMethodAttributes (97ms)
			AfterProcessingInitializeOnLoad (12ms)
			EditorAssembliesLoaded (1ms)
		ExecutionOrderSort2 (0ms)
		AwakeInstancesAfterBackupRestoration (12ms)
Launched and connected shader compiler UnityShaderCompiler.exe after 0.01 seconds
Refreshing native plugins compatible for Editor in 1.40 ms, found 3 plugins.
Preloading 0 native plugins for Editor in 0.00 ms.
Unloading 217 Unused Serialized files (Serialized files now loaded: 0)
Unloading 6981 unused Assets / (5.9 MB). Loaded Objects now: 7690.
Memory consumption went from 183.4 MB to 177.4 MB.
Total: 14.219700 ms (FindLiveObjects: 1.233700 ms CreateObjectMapping: 1.237700 ms MarkObjects: 7.124000 ms  DeleteObjects: 4.622000 ms)

========================================================================
Received Import Request.
  Time since last request: 283486.618555 seconds.
  path: Assets/Daniel Mistage/Stylized Fantasy Armory/FBX/Axe.003.fbx
  artifactKey: Guid(b7779d4c051783b479f11a6e6da0963c) Importer(815301076,1909f56bfc062723c751e8b465ee728b)
Start importing Assets/Daniel Mistage/Stylized Fantasy Armory/FBX/Axe.003.fbx using Guid(b7779d4c051783b479f11a6e6da0963c) Importer(815301076,1909f56bfc062723c751e8b465ee728b) (PreviewImporter) -> (artifact id: '8e9a4ed5689b77248ce96f75c1d6e147') in 0.8457197 seconds
Number of updated asset objects reloaded before import = 0Number of asset objects unloaded after import = 9

========================================================================
Received Import Request.
  Time since last request: 0.000057 seconds.
  path: Assets/Daniel Mistage/Stylized Fantasy Armory/Prefabs/Weapons and Shields/Axes/Axe2.001.prefab
  artifactKey: Guid(9d778f76944f52a44a1cc0101857a560) Importer(815301076,1909f56bfc062723c751e8b465ee728b)
Start importing Assets/Daniel Mistage/Stylized Fantasy Armory/Prefabs/Weapons and Shields/Axes/Axe2.001.prefab using Guid(9d778f76944f52a44a1cc0101857a560) Importer(815301076,1909f56bfc062723c751e8b465ee728b) (PreviewImporter) -> (artifact id: 'd45fb594d8ff74bada194332bd0dc226') in 0.0686495 seconds
Number of updated asset objects reloaded before import = 0Number of asset objects unloaded after import = 10

========================================================================
Received Import Request.
  Time since last request: 0.000058 seconds.
  path: Assets/Daniel Mistage/Stylized Fantasy Armory/Prefabs/Weapons and Shields/Axes/Axe2.005.prefab
  artifactKey: Guid(e6b7493de1c3aa140a9dac0004bde786) Importer(815301076,1909f56bfc062723c751e8b465ee728b)
Start importing Assets/Daniel Mistage/Stylized Fantasy Armory/Prefabs/Weapons and Shields/Axes/Axe2.005.prefab using Guid(e6b7493de1c3aa140a9dac0004bde786) Importer(815301076,1909f56bfc062723c751e8b465ee728b) (PreviewImporter) -> (artifact id: '5f65abf835586551eb2ef7ec6b772a67') in 0.0981268 seconds
Number of updated asset objects reloaded before import = 0Number of asset objects unloaded after import = 10

========================================================================
Received Import Request.
  Time since last request: 0.000040 seconds.
  path: Assets/Daniel Mistage/Stylized Fantasy Armory/FBX/Axe2.007.fbx
  artifactKey: Guid(942048a19b813dc43a232391f3529b01) Importer(815301076,1909f56bfc062723c751e8b465ee728b)
Start importing Assets/Daniel Mistage/Stylized Fantasy Armory/FBX/Axe2.007.fbx using Guid(942048a19b813dc43a232391f3529b01) Importer(815301076,1909f56bfc062723c751e8b465ee728b) (PreviewImporter) -> (artifact id: 'c6cbdbf871d521ba5d91ff8c9fdbac8c') in 0.0982235 seconds
Number of updated asset objects reloaded before import = 0Number of asset objects unloaded after import = 9

========================================================================
Received Import Request.
  Time since last request: 0.565770 seconds.
  path: Assets/Daniel Mistage/Stylized Fantasy Armory/Prefabs/Weapons and Shields/Axes/Axe2.007.prefab
  artifactKey: Guid(817145ad36dd95442b9c113dc16a0a9c) Importer(815301076,1909f56bfc062723c751e8b465ee728b)
Start importing Assets/Daniel Mistage/Stylized Fantasy Armory/Prefabs/Weapons and Shields/Axes/Axe2.007.prefab using Guid(817145ad36dd95442b9c113dc16a0a9c) Importer(815301076,1909f56bfc062723c751e8b465ee728b) (PreviewImporter) -> (artifact id: 'aa7373adfc6226f484f1571bdd0084da') in 0.0278095 seconds
Number of updated asset objects reloaded before import = 0Number of asset objects unloaded after import = 10

========================================================================
Received Import Request.
  Time since last request: 0.095766 seconds.
  path: Assets/Daniel Mistage/Stylized Fantasy Armory/FBX/Barrel.001.fbx
  artifactKey: Guid(971b4599be771a345901d1918ff846eb) Importer(815301076,1909f56bfc062723c751e8b465ee728b)
Start importing Assets/Daniel Mistage/Stylized Fantasy Armory/FBX/Barrel.001.fbx using Guid(971b4599be771a345901d1918ff846eb) Importer(815301076,1909f56bfc062723c751e8b465ee728b) (PreviewImporter) -> (artifact id: '475610a816ce6654d67119513c9fd2d8') in 0.1055789 seconds
Number of updated asset objects reloaded before import = 0Number of asset objects unloaded after import = 9

========================================================================
Received Import Request.
  Time since last request: 0.356067 seconds.
  path: Assets/Daniel Mistage/Stylized Fantasy Armory/Prefabs/Decorative Props/Books/Book.001.prefab
  artifactKey: Guid(0e5ffb2c4d92a324fb79cb8cbdae9c74) Importer(815301076,1909f56bfc062723c751e8b465ee728b)
Start importing Assets/Daniel Mistage/Stylized Fantasy Armory/Prefabs/Decorative Props/Books/Book.001.prefab using Guid(0e5ffb2c4d92a324fb79cb8cbdae9c74) Importer(815301076,1909f56bfc062723c751e8b465ee728b) (PreviewImporter) -> (artifact id: '482278cd4547bf5d71282cc6dee82e2c') in 0.1136584 seconds
Number of updated asset objects reloaded before import = 0Number of asset objects unloaded after import = 10

========================================================================
Received Import Request.
  Time since last request: 0.214780 seconds.
  path: Assets/Daniel Mistage/Stylized Fantasy Armory/Prefabs/Decorative Props/Books/Book.002.prefab
  artifactKey: Guid(e281f0ace99bd074690d1fb6d625b492) Importer(815301076,1909f56bfc062723c751e8b465ee728b)
Start importing Assets/Daniel Mistage/Stylized Fantasy Armory/Prefabs/Decorative Props/Books/Book.002.prefab using Guid(e281f0ace99bd074690d1fb6d625b492) Importer(815301076,1909f56bfc062723c751e8b465ee728b) (PreviewImporter) -> (artifact id: '8b30b994fcf2709a14fc750fccab130f') in 0.038299 seconds
Number of updated asset objects reloaded before import = 0Number of asset objects unloaded after import = 10

========================================================================
Received Import Request.
  Time since last request: 0.000040 seconds.
  path: Assets/Daniel Mistage/Stylized Fantasy Armory/FBX/Book.005.fbx
  artifactKey: Guid(00c65e45a0863dc41b9fcb292c655a09) Importer(815301076,1909f56bfc062723c751e8b465ee728b)
Start importing Assets/Daniel Mistage/Stylized Fantasy Armory/FBX/Book.005.fbx using Guid(00c65e45a0863dc41b9fcb292c655a09) Importer(815301076,1909f56bfc062723c751e8b465ee728b) (PreviewImporter) -> (artifact id: '837cf2725988973ffddf2d05e18db042') in 0.1129312 seconds
Number of updated asset objects reloaded before import = 0Number of asset objects unloaded after import = 9

========================================================================
Received Import Request.
  Time since last request: 0.000041 seconds.
  path: Assets/Daniel Mistage/Stylized Fantasy Armory/FBX/Book.007.fbx
  artifactKey: Guid(8f5b345ee7fbab445b773b120669f406) Importer(815301076,1909f56bfc062723c751e8b465ee728b)
Start importing Assets/Daniel Mistage/Stylized Fantasy Armory/FBX/Book.007.fbx using Guid(8f5b345ee7fbab445b773b120669f406) Importer(815301076,1909f56bfc062723c751e8b465ee728b) (PreviewImporter) -> (artifact id: 'c9b19c808109eeba75b3fc6d45ae9af8') in 0.0822473 seconds
Number of updated asset objects reloaded before import = 0Number of asset objects unloaded after import = 9

========================================================================
Received Import Request.
  Time since last request: 0.058852 seconds.
  path: Assets/Daniel Mistage/Stylized Fantasy Armory/FBX/Bottle.001.fbx
  artifactKey: Guid(1f0d3e17e7013704591ee0938779a8ab) Importer(815301076,1909f56bfc062723c751e8b465ee728b)
Start importing Assets/Daniel Mistage/Stylized Fantasy Armory/FBX/Bottle.001.fbx using Guid(1f0d3e17e7013704591ee0938779a8ab) Importer(815301076,1909f56bfc062723c751e8b465ee728b) (PreviewImporter) -> (artifact id: 'ee898ea460250f098c56f4863a6eba6d') in 0.0680899 seconds
Number of updated asset objects reloaded before import = 0Number of asset objects unloaded after import = 9

========================================================================
Received Import Request.
  Time since last request: 0.000035 seconds.
  path: Assets/Daniel Mistage/Stylized Fantasy Armory/FBX/Bottle.006.fbx
  artifactKey: Guid(ba0aac5c4e176fa438ecc9c6a8412d21) Importer(815301076,1909f56bfc062723c751e8b465ee728b)
Start importing Assets/Daniel Mistage/Stylized Fantasy Armory/FBX/Bottle.006.fbx using Guid(ba0aac5c4e176fa438ecc9c6a8412d21) Importer(815301076,1909f56bfc062723c751e8b465ee728b) (PreviewImporter) -> (artifact id: '2e44bd325c079e1cd44f83017404a350') in 0.050045 seconds
Number of updated asset objects reloaded before import = 0Number of asset objects unloaded after import = 9

========================================================================
Received Import Request.
  Time since last request: 0.000071 seconds.
  path: Assets/Daniel Mistage/Stylized Fantasy Armory/Prefabs/Weapons and Shields/Arrows and Bow/Bow.prefab
  artifactKey: Guid(35d2a8dab4447e847880443f20c62714) Importer(815301076,1909f56bfc062723c751e8b465ee728b)
Start importing Assets/Daniel Mistage/Stylized Fantasy Armory/Prefabs/Weapons and Shields/Arrows and Bow/Bow.prefab using Guid(35d2a8dab4447e847880443f20c62714) Importer(815301076,1909f56bfc062723c751e8b465ee728b) (PreviewImporter) -> (artifact id: '96486c8c2a4eff0780e68861e4aa2b99') in 0.0956985 seconds
Number of updated asset objects reloaded before import = 0Number of asset objects unloaded after import = 10

========================================================================
Received Import Request.
  Time since last request: 0.000169 seconds.
  path: Assets/Daniel Mistage/Stylized Fantasy Armory/FBX/Bottle.012.fbx
  artifactKey: Guid(bec220f77e09b264781c7c3c587ef1f3) Importer(815301076,1909f56bfc062723c751e8b465ee728b)
Start importing Assets/Daniel Mistage/Stylized Fantasy Armory/FBX/Bottle.012.fbx using Guid(bec220f77e09b264781c7c3c587ef1f3) Importer(815301076,1909f56bfc062723c751e8b465ee728b) (PreviewImporter) -> (artifact id: '6ac5ae76833a17d61373e03966fef2dc') in 0.0866491 seconds
Number of updated asset objects reloaded before import = 0Number of asset objects unloaded after import = 9

========================================================================
Received Import Request.
  Time since last request: 0.000032 seconds.
  path: Assets/Daniel Mistage/Stylized Fantasy Armory/FBX/Box.002.fbx
  artifactKey: Guid(61b0f17c4278ef64ab38a8f89863ef22) Importer(815301076,1909f56bfc062723c751e8b465ee728b)
Start importing Assets/Daniel Mistage/Stylized Fantasy Armory/FBX/Box.002.fbx using Guid(61b0f17c4278ef64ab38a8f89863ef22) Importer(815301076,1909f56bfc062723c751e8b465ee728b) (PreviewImporter) -> (artifact id: '611cf2d4930902c697f10fde088ad3dc') in 0.1090461 seconds
Number of updated asset objects reloaded before import = 0Number of asset objects unloaded after import = 9

========================================================================
Received Import Request.
  Time since last request: 0.000043 seconds.
  path: Assets/Daniel Mistage/Stylized Fantasy Armory/FBX/Bow.fbx
  artifactKey: Guid(31e55bdac7b89ed4f80417db30849348) Importer(815301076,1909f56bfc062723c751e8b465ee728b)
Start importing Assets/Daniel Mistage/Stylized Fantasy Armory/FBX/Bow.fbx using Guid(31e55bdac7b89ed4f80417db30849348) Importer(815301076,1909f56bfc062723c751e8b465ee728b) (PreviewImporter) -> (artifact id: '6a829b9a2b427fb89010f3c840647c5a') in 0.0491877 seconds
Number of updated asset objects reloaded before import = 0Number of asset objects unloaded after import = 9

========================================================================
Received Import Request.
  Time since last request: 0.000047 seconds.
  path: Assets/Daniel Mistage/Stylized Fantasy Armory/FBX/Bottle.009.fbx
  artifactKey: Guid(90235c4783bd6d440a39aa2606bdf186) Importer(815301076,1909f56bfc062723c751e8b465ee728b)
Start importing Assets/Daniel Mistage/Stylized Fantasy Armory/FBX/Bottle.009.fbx using Guid(90235c4783bd6d440a39aa2606bdf186) Importer(815301076,1909f56bfc062723c751e8b465ee728b) (PreviewImporter) -> (artifact id: '1dbe1e6e26c5cef6cabe71342ce8f97f') in 0.0877027 seconds
Number of updated asset objects reloaded before import = 0Number of asset objects unloaded after import = 9

========================================================================
Received Import Request.
  Time since last request: 0.000036 seconds.
  path: Assets/Daniel Mistage/Stylized Fantasy Armory/Prefabs/Weapons and Shields/Broadswords/Broadsword.004.prefab
  artifactKey: Guid(076818e7e0429a54b935402064f6b249) Importer(815301076,1909f56bfc062723c751e8b465ee728b)
Start importing Assets/Daniel Mistage/Stylized Fantasy Armory/Prefabs/Weapons and Shields/Broadswords/Broadsword.004.prefab using Guid(076818e7e0429a54b935402064f6b249) Importer(815301076,1909f56bfc062723c751e8b465ee728b) (PreviewImporter) -> (artifact id: 'e01e8598737efecfba29d967124cafac') in 0.0364648 seconds
Number of updated asset objects reloaded before import = 0Number of asset objects unloaded after import = 10

========================================================================
Received Import Request.
  Time since last request: 0.000044 seconds.
  path: Assets/Daniel Mistage/Stylized Fantasy Armory/FBX/Fantasy Male Character Butcher/BT_Axe_002.fbx
  artifactKey: Guid(e4ff3645cdb1d424aba724759065c5d8) Importer(815301076,1909f56bfc062723c751e8b465ee728b)
Start importing Assets/Daniel Mistage/Stylized Fantasy Armory/FBX/Fantasy Male Character Butcher/BT_Axe_002.fbx using Guid(e4ff3645cdb1d424aba724759065c5d8) Importer(815301076,1909f56bfc062723c751e8b465ee728b) (PreviewImporter) -> (artifact id: '789ac327401824b60860d06f1fa93285') in 0.0720936 seconds
Number of updated asset objects reloaded before import = 0Number of asset objects unloaded after import = 9

========================================================================
Received Import Request.
  Time since last request: 0.000104 seconds.
  path: Assets/Daniel Mistage/Stylized Fantasy Armory/FBX/Bucket.001.fbx
  artifactKey: Guid(55ecf145c48661243954ab32666b0e0b) Importer(815301076,1909f56bfc062723c751e8b465ee728b)
Start importing Assets/Daniel Mistage/Stylized Fantasy Armory/FBX/Bucket.001.fbx using Guid(55ecf145c48661243954ab32666b0e0b) Importer(815301076,1909f56bfc062723c751e8b465ee728b) (PreviewImporter) -> (artifact id: 'e018bfa35eb822e0d307dba0d98685f1') in 0.0893281 seconds
Number of updated asset objects reloaded before import = 0Number of asset objects unloaded after import = 9

========================================================================
Received Import Request.
  Time since last request: 0.000056 seconds.
  path: Assets/Daniel Mistage/Stylized Fantasy Armory/Prefabs/Extra Content/Fantasy Male Character Butcher - Props/BT_Axe Variant.prefab
  artifactKey: Guid(c6244dd046610204490e7fc130a616ff) Importer(815301076,1909f56bfc062723c751e8b465ee728b)
Start importing Assets/Daniel Mistage/Stylized Fantasy Armory/Prefabs/Extra Content/Fantasy Male Character Butcher - Props/BT_Axe Variant.prefab using Guid(c6244dd046610204490e7fc130a616ff) Importer(815301076,1909f56bfc062723c751e8b465ee728b) (PreviewImporter) -> (artifact id: 'c35180ffb85f2807becfd8c4e9387106') in 0.0756291 seconds
Number of updated asset objects reloaded before import = 0Number of asset objects unloaded after import = 17

========================================================================
Received Import Request.
  Time since last request: 0.000129 seconds.
  path: Assets/Daniel Mistage/Stylized Fantasy Armory/Prefabs/Weapons and Shields/Broadswords/Broadsword.003.prefab
  artifactKey: Guid(16f08f4df1cf86a4eb7c2ad063eaebaf) Importer(815301076,1909f56bfc062723c751e8b465ee728b)
Start importing Assets/Daniel Mistage/Stylized Fantasy Armory/Prefabs/Weapons and Shields/Broadswords/Broadsword.003.prefab using Guid(16f08f4df1cf86a4eb7c2ad063eaebaf) Importer(815301076,1909f56bfc062723c751e8b465ee728b) (PreviewImporter) -> (artifact id: 'ae8210456abc1b7a2d5f7d63d5dad562') in 0.0824674 seconds
Number of updated asset objects reloaded before import = 0Number of asset objects unloaded after import = 10

========================================================================
Received Import Request.
  Time since last request: 0.789443 seconds.
  path: Assets/Daniel Mistage/Stylized Fantasy Armory/Prefabs/Armory Structure and Attachables/Armory Attachables/BuildingAttachable.001.prefab
  artifactKey: Guid(515df516ee53ea24fba9f71f3ff6c0c1) Importer(815301076,1909f56bfc062723c751e8b465ee728b)
Start importing Assets/Daniel Mistage/Stylized Fantasy Armory/Prefabs/Armory Structure and Attachables/Armory Attachables/BuildingAttachable.001.prefab using Guid(515df516ee53ea24fba9f71f3ff6c0c1) Importer(815301076,1909f56bfc062723c751e8b465ee728b) (PreviewImporter) -> (artifact id: '51f699a4e8da3b8e911ce96768def2a3') in 0.040331 seconds
Number of updated asset objects reloaded before import = 0Number of asset objects unloaded after import = 10

========================================================================
Received Import Request.
  Time since last request: 0.000032 seconds.
  path: Assets/Daniel Mistage/Stylized Fantasy Armory/Prefabs/Armory Structure and Attachables/Armory Attachables/BuildingAttachable.003.prefab
  artifactKey: Guid(881e96365aa9468469c1e0d8e69a97cc) Importer(815301076,1909f56bfc062723c751e8b465ee728b)
Start importing Assets/Daniel Mistage/Stylized Fantasy Armory/Prefabs/Armory Structure and Attachables/Armory Attachables/BuildingAttachable.003.prefab using Guid(881e96365aa9468469c1e0d8e69a97cc) Importer(815301076,1909f56bfc062723c751e8b465ee728b) (PreviewImporter) -> (artifact id: 'd8c0350ddd6f5638275f49e232139f82') in 0.0379992 seconds
Number of updated asset objects reloaded before import = 0Number of asset objects unloaded after import = 10

========================================================================
Received Import Request.
  Time since last request: 0.032360 seconds.
  path: Assets/Daniel Mistage/Stylized Fantasy Armory/Prefabs/Armory Structure and Attachables/Armory Attachables/BuildingAttachable.004.prefab
  artifactKey: Guid(d88e54e1a51b8ee48afa04f4e10c0d9d) Importer(815301076,1909f56bfc062723c751e8b465ee728b)
Start importing Assets/Daniel Mistage/Stylized Fantasy Armory/Prefabs/Armory Structure and Attachables/Armory Attachables/BuildingAttachable.004.prefab using Guid(d88e54e1a51b8ee48afa04f4e10c0d9d) Importer(815301076,1909f56bfc062723c751e8b465ee728b) (PreviewImporter) -> (artifact id: '31e741543e32d58e1ed30899ca97e78a') in 0.0555903 seconds
Number of updated asset objects reloaded before import = 0Number of asset objects unloaded after import = 10

========================================================================
Received Import Request.
  Time since last request: 0.000039 seconds.
  path: Assets/Daniel Mistage/Stylized Fantasy Armory/Prefabs/Armory Structure and Attachables/Armory Attachables/BuildingAttachable.006.prefab
  artifactKey: Guid(049b06ad57f978f40b0a90d90cb586cb) Importer(815301076,1909f56bfc062723c751e8b465ee728b)
Start importing Assets/Daniel Mistage/Stylized Fantasy Armory/Prefabs/Armory Structure and Attachables/Armory Attachables/BuildingAttachable.006.prefab using Guid(049b06ad57f978f40b0a90d90cb586cb) Importer(815301076,1909f56bfc062723c751e8b465ee728b) (PreviewImporter) -> (artifact id: '9513c8b11c990449fb7012682f3f3308') in 0.0414749 seconds
Number of updated asset objects reloaded before import = 0Number of asset objects unloaded after import = 10

========================================================================
Received Import Request.
  Time since last request: 0.175738 seconds.
  path: Assets/Daniel Mistage/Stylized Fantasy Armory/Prefabs/Armory Structure and Attachables/Armory Attachables/BuildingAttachable.007.prefab
  artifactKey: Guid(ebc3b6805ac4f9048b6cf1bee7f14c57) Importer(815301076,1909f56bfc062723c751e8b465ee728b)
Start importing Assets/Daniel Mistage/Stylized Fantasy Armory/Prefabs/Armory Structure and Attachables/Armory Attachables/BuildingAttachable.007.prefab using Guid(ebc3b6805ac4f9048b6cf1bee7f14c57) Importer(815301076,1909f56bfc062723c751e8b465ee728b) (PreviewImporter) -> (artifact id: '7106d8d53941db0d7748753f3585f3e5') in 0.0374273 seconds
Number of updated asset objects reloaded before import = 0Number of asset objects unloaded after import = 10

========================================================================
Received Import Request.
  Time since last request: 0.000039 seconds.
  path: Assets/Daniel Mistage/Stylized Fantasy Armory/Prefabs/Armory Structure and Attachables/Armory Attachables/BuildingTorch.002.prefab
  artifactKey: Guid(459c086168b6c8742a841e6d7a1c606b) Importer(815301076,1909f56bfc062723c751e8b465ee728b)
Start importing Assets/Daniel Mistage/Stylized Fantasy Armory/Prefabs/Armory Structure and Attachables/Armory Attachables/BuildingTorch.002.prefab using Guid(459c086168b6c8742a841e6d7a1c606b) Importer(815301076,1909f56bfc062723c751e8b465ee728b) (PreviewImporter) -> (artifact id: '889d56c761bb95c120a0c960ee64c859') in 0.0597756 seconds
Number of updated asset objects reloaded before import = 0Number of asset objects unloaded after import = 10

========================================================================
Received Import Request.
  Time since last request: 1.112500 seconds.
  path: Assets/Daniel Mistage/Stylized Fantasy Armory/FBX/Campfire.fbx
  artifactKey: Guid(048e78b7ee47b28488b0a43b5bb7b4fb) Importer(815301076,1909f56bfc062723c751e8b465ee728b)
Start importing Assets/Daniel Mistage/Stylized Fantasy Armory/FBX/Campfire.fbx using Guid(048e78b7ee47b28488b0a43b5bb7b4fb) Importer(815301076,1909f56bfc062723c751e8b465ee728b) (PreviewImporter) -> (artifact id: '719be85fbbe05d66020e0c6cd05cd575') in 0.059249 seconds
Number of updated asset objects reloaded before import = 0Number of asset objects unloaded after import = 9

========================================================================
Received Import Request.
  Time since last request: 0.972969 seconds.
  path: Assets/Daniel Mistage/Stylized Fantasy Armory/Prefabs/Extra Content/Fantasy Female Character Hetalia - Props/Cat Ears/Cat_Ears_Black.prefab
  artifactKey: Guid(3239e462887cc8841aa4b4ea601db306) Importer(815301076,1909f56bfc062723c751e8b465ee728b)
Start importing Assets/Daniel Mistage/Stylized Fantasy Armory/Prefabs/Extra Content/Fantasy Female Character Hetalia - Props/Cat Ears/Cat_Ears_Black.prefab using Guid(3239e462887cc8841aa4b4ea601db306) Importer(815301076,1909f56bfc062723c751e8b465ee728b) (PreviewImporter) -> (artifact id: '344cbc8961afc7b9487e0c4039ce7426') in 0.082907 seconds
Number of updated asset objects reloaded before import = 0Number of asset objects unloaded after import = 9

========================================================================
Received Import Request.
  Time since last request: 0.000050 seconds.
  path: Assets/Daniel Mistage/Stylized Fantasy Armory/FBX/Hetalia - Props/Cat_Tail.fbx
  artifactKey: Guid(87db39a652b06554ca54c7310c2dca4f) Importer(815301076,1909f56bfc062723c751e8b465ee728b)
Start importing Assets/Daniel Mistage/Stylized Fantasy Armory/FBX/Hetalia - Props/Cat_Tail.fbx using Guid(87db39a652b06554ca54c7310c2dca4f) Importer(815301076,1909f56bfc062723c751e8b465ee728b) (PreviewImporter) -> (artifact id: '1b8afc81fbaa917b739c9d2509b8fc8d') in 0.2167524 seconds
Number of updated asset objects reloaded before import = 0Number of asset objects unloaded after import = 38

========================================================================
Received Import Request.
  Time since last request: 38.614687 seconds.
  path: Assets/Daniel Mistage/Stylized Fantasy Armory/Prefabs/Decorative Props/Cauldron and Campfire/Cauldron.001.prefab
  artifactKey: Guid(85bd8b37f1d592d43bd40d6599794c99) Importer(815301076,1909f56bfc062723c751e8b465ee728b)
Start importing Assets/Daniel Mistage/Stylized Fantasy Armory/Prefabs/Decorative Props/Cauldron and Campfire/Cauldron.001.prefab using Guid(85bd8b37f1d592d43bd40d6599794c99) Importer(815301076,1909f56bfc062723c751e8b465ee728b) (PreviewImporter) -> (artifact id: 'c4c9cf543600de86182a1b2fb7f70e7b') in 0.0403568 seconds
Number of updated asset objects reloaded before import = 0Number of asset objects unloaded after import = 10

========================================================================
Received Import Request.
  Time since last request: 0.000041 seconds.
  path: Assets/Daniel Mistage/Stylized Fantasy Armory/FBX/Chain.001.fbx
  artifactKey: Guid(38d8e1d5c582aa34dae07942797da51e) Importer(815301076,1909f56bfc062723c751e8b465ee728b)
Start importing Assets/Daniel Mistage/Stylized Fantasy Armory/FBX/Chain.001.fbx using Guid(38d8e1d5c582aa34dae07942797da51e) Importer(815301076,1909f56bfc062723c751e8b465ee728b) (PreviewImporter) -> (artifact id: '71818222362d34aa84e0a0e861ec95f2') in 0.0948101 seconds
Number of updated asset objects reloaded before import = 0Number of asset objects unloaded after import = 9

========================================================================
Received Import Request.
  Time since last request: 0.000085 seconds.
  path: Assets/Daniel Mistage/Stylized Fantasy Armory/Prefabs/Armory Structure and Attachables/Armory Attachables/Chain.003.prefab
  artifactKey: Guid(4cde2e55d965f694c85c58e9847e9bc5) Importer(815301076,1909f56bfc062723c751e8b465ee728b)
Start importing Assets/Daniel Mistage/Stylized Fantasy Armory/Prefabs/Armory Structure and Attachables/Armory Attachables/Chain.003.prefab using Guid(4cde2e55d965f694c85c58e9847e9bc5) Importer(815301076,1909f56bfc062723c751e8b465ee728b) (PreviewImporter) -> (artifact id: 'a1bd98a4b4d5cc809da079cc2befe212') in 0.0744077 seconds
Number of updated asset objects reloaded before import = 0Number of asset objects unloaded after import = 10

========================================================================
Received Import Request.
  Time since last request: 0.213561 seconds.
  path: Assets/Daniel Mistage/Stylized Fantasy Armory/FBX/Chair.fbx
  artifactKey: Guid(0ef8e9aa3c7281a459d2f4fc590e498b) Importer(815301076,1909f56bfc062723c751e8b465ee728b)
Start importing Assets/Daniel Mistage/Stylized Fantasy Armory/FBX/Chair.fbx using Guid(0ef8e9aa3c7281a459d2f4fc590e498b) Importer(815301076,1909f56bfc062723c751e8b465ee728b) (PreviewImporter) -> (artifact id: '90bb1f651432b68a71068ee5431435da') in 0.0461781 seconds
Number of updated asset objects reloaded before import = 0Number of asset objects unloaded after import = 9

========================================================================
Received Import Request.
  Time since last request: 0.000035 seconds.
  path: Assets/Daniel Mistage/Stylized Fantasy Armory/Prefabs/Decorative Props/Chest/Chest Parts/ChestS.001.prefab
  artifactKey: Guid(f050a36be11679e46a85fb9bd18096a9) Importer(815301076,1909f56bfc062723c751e8b465ee728b)
Start importing Assets/Daniel Mistage/Stylized Fantasy Armory/Prefabs/Decorative Props/Chest/Chest Parts/ChestS.001.prefab using Guid(f050a36be11679e46a85fb9bd18096a9) Importer(815301076,1909f56bfc062723c751e8b465ee728b) (PreviewImporter) -> (artifact id: 'b74cde3d60136eacee88aadaacca6a67') in 0.04475 seconds
Number of updated asset objects reloaded before import = 0Number of asset objects unloaded after import = 10

========================================================================
Received Import Request.
  Time since last request: 0.000085 seconds.
  path: Assets/Daniel Mistage/Stylized Fantasy Armory/Prefabs/Decorative Props/Chest/ChestS.001.prefab
  artifactKey: Guid(d8a0ecb8f1d953b4ebdc1dc83727742d) Importer(815301076,1909f56bfc062723c751e8b465ee728b)
Start importing Assets/Daniel Mistage/Stylized Fantasy Armory/Prefabs/Decorative Props/Chest/ChestS.001.prefab using Guid(d8a0ecb8f1d953b4ebdc1dc83727742d) Importer(815301076,1909f56bfc062723c751e8b465ee728b) (PreviewImporter) -> (artifact id: '5f3766d6f0add5d8d88ca0d5c830347d') in 0.0681478 seconds
Number of updated asset objects reloaded before import = 0Number of asset objects unloaded after import = 23

========================================================================
Received Import Request.
  Time since last request: 0.233343 seconds.
  path: Assets/Daniel Mistage/Stylized Fantasy Armory/FBX/Coin.fbx
  artifactKey: Guid(3af1a016dc5bd524e9ea9565c7dbcf8d) Importer(815301076,1909f56bfc062723c751e8b465ee728b)
Start importing Assets/Daniel Mistage/Stylized Fantasy Armory/FBX/Coin.fbx using Guid(3af1a016dc5bd524e9ea9565c7dbcf8d) Importer(815301076,1909f56bfc062723c751e8b465ee728b) (PreviewImporter) -> (artifact id: 'b040eccc744fc7f18137f17f02a53a02') in 0.0500019 seconds
Number of updated asset objects reloaded before import = 0Number of asset objects unloaded after import = 9

========================================================================
Received Import Request.
  Time since last request: 0.233236 seconds.
  path: Assets/Daniel Mistage/Stylized Fantasy Armory/Prefabs/Decorative Props/Combat Dummy/CombatDummy.003.prefab
  artifactKey: Guid(88794e520890f3045a594aa8c9e3f679) Importer(815301076,1909f56bfc062723c751e8b465ee728b)
Start importing Assets/Daniel Mistage/Stylized Fantasy Armory/Prefabs/Decorative Props/Combat Dummy/CombatDummy.003.prefab using Guid(88794e520890f3045a594aa8c9e3f679) Importer(815301076,1909f56bfc062723c751e8b465ee728b) (PreviewImporter) -> (artifact id: 'f99f7d0eb8294ad82d3c85873f77f2c5') in 0.0331313 seconds
Number of updated asset objects reloaded before import = 0Number of asset objects unloaded after import = 10

========================================================================
Received Import Request.
  Time since last request: 0.273788 seconds.
  path: Assets/Daniel Mistage/Stylized Fantasy Armory/FBX/Leona - Props/Demon_Horns.fbx
  artifactKey: Guid(d10eafea000334f47b4c6b0491835f96) Importer(815301076,1909f56bfc062723c751e8b465ee728b)
Start importing Assets/Daniel Mistage/Stylized Fantasy Armory/FBX/Leona - Props/Demon_Horns.fbx using Guid(d10eafea000334f47b4c6b0491835f96) Importer(815301076,1909f56bfc062723c751e8b465ee728b) (PreviewImporter) -> (artifact id: '838f0efe9945fdfc378fb739aba8dcff') in 0.1110786 seconds
Number of updated asset objects reloaded before import = 0Number of asset objects unloaded after import = 9

========================================================================
Received Import Request.
  Time since last request: 0.704831 seconds.
  path: Assets/Daniel Mistage/Stylized Fantasy Armory/Prefabs/Decorative Props/Entrance Arch/EntranceArch.prefab
  artifactKey: Guid(093461e355e276441a99abc19807e823) Importer(815301076,1909f56bfc062723c751e8b465ee728b)
Start importing Assets/Daniel Mistage/Stylized Fantasy Armory/Prefabs/Decorative Props/Entrance Arch/EntranceArch.prefab using Guid(093461e355e276441a99abc19807e823) Importer(815301076,1909f56bfc062723c751e8b465ee728b) (PreviewImporter) -> (artifact id: 'b5a8f0a4af8a70acd4c1fdee15131802') in 0.0943475 seconds
Number of updated asset objects reloaded before import = 0Number of asset objects unloaded after import = 10

========================================================================
Received Import Request.
  Time since last request: 0.000053 seconds.
  path: Assets/Daniel Mistage/Stylized Fantasy Armory/Prefabs/Decorative Props/Fences/Fence.002.prefab
  artifactKey: Guid(743ab03e86fb11844958489d331c1e1c) Importer(815301076,1909f56bfc062723c751e8b465ee728b)
Start importing Assets/Daniel Mistage/Stylized Fantasy Armory/Prefabs/Decorative Props/Fences/Fence.002.prefab using Guid(743ab03e86fb11844958489d331c1e1c) Importer(815301076,1909f56bfc062723c751e8b465ee728b) (PreviewImporter) -> (artifact id: 'cd56bbb5836a9cfd0b4838cabdfd9a32') in 0.0435247 seconds
Number of updated asset objects reloaded before import = 0Number of asset objects unloaded after import = 10

========================================================================
Received Import Request.
  Time since last request: 0.000065 seconds.
  path: Assets/Daniel Mistage/Stylized Fantasy Armory/FBX/Fence.002.fbx
  artifactKey: Guid(7459563d9ab739844abb5b20e797917c) Importer(815301076,1909f56bfc062723c751e8b465ee728b)
Start importing Assets/Daniel Mistage/Stylized Fantasy Armory/FBX/Fence.002.fbx using Guid(7459563d9ab739844abb5b20e797917c) Importer(815301076,1909f56bfc062723c751e8b465ee728b) (PreviewImporter) -> (artifact id: '07a997dcc116338cdc8e5640b708e544') in 0.0574823 seconds
Number of updated asset objects reloaded before import = 0Number of asset objects unloaded after import = 9

========================================================================
Received Import Request.
  Time since last request: 0.167909 seconds.
  path: Assets/Daniel Mistage/Stylized Fantasy Armory/FBX/Fence.003.fbx
  artifactKey: Guid(e4e7fe9e21f06634898cf43426b31f34) Importer(815301076,1909f56bfc062723c751e8b465ee728b)
Start importing Assets/Daniel Mistage/Stylized Fantasy Armory/FBX/Fence.003.fbx using Guid(e4e7fe9e21f06634898cf43426b31f34) Importer(815301076,1909f56bfc062723c751e8b465ee728b) (PreviewImporter) -> (artifact id: 'b02708ff81481c9d55957675b8607612') in 0.0319554 seconds
Number of updated asset objects reloaded before import = 0Number of asset objects unloaded after import = 9

========================================================================
Received Import Request.
  Time since last request: 0.673805 seconds.
  path: Assets/Daniel Mistage/Stylized Fantasy Armory/Prefabs/Nature/Grass/Grass.001.prefab
  artifactKey: Guid(f76a8107dcbeed1448accf5ac6c02989) Importer(815301076,1909f56bfc062723c751e8b465ee728b)
Start importing Assets/Daniel Mistage/Stylized Fantasy Armory/Prefabs/Nature/Grass/Grass.001.prefab using Guid(f76a8107dcbeed1448accf5ac6c02989) Importer(815301076,1909f56bfc062723c751e8b465ee728b) (PreviewImporter) -> (artifact id: '98ceab705f3e6b59c230cd8db65574da') in 0.0858749 seconds
Number of updated asset objects reloaded before import = 0Number of asset objects unloaded after import = 8

========================================================================
Received Import Request.
  Time since last request: 0.246936 seconds.
  path: Assets/Daniel Mistage/Stylized Fantasy Armory/FBX/Grass.001.fbx
  artifactKey: Guid(4a4af7af25def604ba4df44f898e567e) Importer(815301076,1909f56bfc062723c751e8b465ee728b)
Start importing Assets/Daniel Mistage/Stylized Fantasy Armory/FBX/Grass.001.fbx using Guid(4a4af7af25def604ba4df44f898e567e) Importer(815301076,1909f56bfc062723c751e8b465ee728b) (PreviewImporter) -> (artifact id: '8a183ffbcf38c793cd2ee5e6262e556c') in 0.1426414 seconds
Number of updated asset objects reloaded before import = 0Number of asset objects unloaded after import = 8

Editor requested this worker to shutdown with reason: Scaling down because of idle timeout
AssetImportWorker is now disconnected from the server
Process exiting
Exiting without the bug reporter. Application will terminate with return code 0