Using pre-set license
Built from '6000.0/staging' branch; Version is '6000.0.32f1 (b2e806cf271c) revision 11724806'; Using compiler version '193933523'; Build Type 'Release'
OS: 'Windows 11  (10.0.26100) 64bit CoreSingleLanguage' Language: 'en' Physical Memory: 15709 MB
BatchMode: 1, IsHumanControllingUs: 0, StartBugReporterOnCrash: 0, Is64bit: 1, IsPro: 1

COMMAND LINE ARGUMENTS:
C:\Program Files\Unity\Hub\Editor\6000.0.32f1\Editor\Unity.exe
-adb2
-batchMode
-noUpm
-name
AssetImportWorker3
-projectPath
C:/Users/Bisal shah/OneDrive/Desktop/Git/Harvest-of-the-DeaD/Harvest of the Dead
-logFile
Logs/AssetImportWorker3.log
-srvPort
63426
-job-worker-count
7
-background-job-worker-count
8
-gc-helper-count
1
Successfully changed project path to: C:/Users/Bisal shah/OneDrive/Desktop/Git/Harvest-of-the-DeaD/Harvest of the Dead
C:/Users/Bisal shah/OneDrive/Desktop/Git/Harvest-of-the-DeaD/Harvest of the Dead
[UnityMemory] Configuration Parameters - Can be set up in boot.config
    "memorysetup-bucket-allocator-granularity=16"
    "memorysetup-bucket-allocator-bucket-count=8"
    "memorysetup-bucket-allocator-block-size=33554432"
    "memorysetup-bucket-allocator-block-count=8"
    "memorysetup-main-allocator-block-size=16777216"
    "memorysetup-thread-allocator-block-size=16777216"
    "memorysetup-gfx-main-allocator-block-size=16777216"
    "memorysetup-gfx-thread-allocator-block-size=16777216"
    "memorysetup-cache-allocator-block-size=4194304"
    "memorysetup-typetree-allocator-block-size=2097152"
    "memorysetup-profiler-bucket-allocator-granularity=16"
    "memorysetup-profiler-bucket-allocator-bucket-count=8"
    "memorysetup-profiler-bucket-allocator-block-size=33554432"
    "memorysetup-profiler-bucket-allocator-block-count=8"
    "memorysetup-profiler-allocator-block-size=16777216"
    "memorysetup-profiler-editor-allocator-block-size=1048576"
    "memorysetup-temp-allocator-size-main=16777216"
    "memorysetup-job-temp-allocator-block-size=2097152"
    "memorysetup-job-temp-allocator-block-size-background=1048576"
    "memorysetup-job-temp-allocator-reduction-small-platforms=262144"
    "memorysetup-allocator-temp-initial-block-size-main=262144"
    "memorysetup-allocator-temp-initial-block-size-worker=262144"
    "memorysetup-temp-allocator-size-background-worker=32768"
    "memorysetup-temp-allocator-size-job-worker=262144"
    "memorysetup-temp-allocator-size-preload-manager=33554432"
    "memorysetup-temp-allocator-size-nav-mesh-worker=65536"
    "memorysetup-temp-allocator-size-audio-worker=65536"
    "memorysetup-temp-allocator-size-cloud-worker=32768"
    "memorysetup-temp-allocator-size-gi-baking-worker=262144"
    "memorysetup-temp-allocator-size-gi-baking-worker=262144"
    "memorysetup-temp-allocator-size-gi-baking-worker=262144"
    "memorysetup-temp-allocator-size-gi-baking-worker=262144"
    "memorysetup-temp-allocator-size-gi-baking-worker=262144"
    "memorysetup-temp-allocator-size-gfx=262144"
Player connection [39428]  Target information:

Player connection [39428]  * "[IP] 10.1.116.121 [Port] 0 [Flags] 2 [Guid] 1067297343 [EditorId] 1067297343 [Version] 1048832 [Id] WindowsEditor(7,BISAL-CHAURASIYA) [Debug] 1 [PackageName] WindowsEditor [ProjectName] Editor" 

Player connection [39428] Host joined multi-casting on [225.0.0.222:54997]...
Player connection [39428] Host joined alternative multi-casting on [225.0.0.222:34997]...
JobSystem: Creating JobQueue using job-worker-count value 7
[Physics::Module] Initialized fallback backend.
[Physics::Module] Id: 0xdecafbad
Library Redirect Path: Library/
[Physics::Module] Selected backend.
[Physics::Module] Name: PhysX
[Physics::Module] Id: 0xf2b8ea05
[Physics::Module] SDK Version: 4.1.2
[Physics::Module] Integration Version: 1.0.0
[Physics::Module] Threading Mode: Multi-Threaded
Refreshing native plugins compatible for Editor in 5.91 ms, found 3 plugins.
Preloading 0 native plugins for Editor in 0.00 ms.
Initialize engine version: 6000.0.32f1 (b2e806cf271c)
[Subsystems] Discovering subsystems at path C:/Program Files/Unity/Hub/Editor/6000.0.32f1/Editor/Data/Resources/UnitySubsystems
[Subsystems] Discovering subsystems at path C:/Users/Bisal shah/OneDrive/Desktop/Git/Harvest-of-the-DeaD/Harvest of the Dead/Assets
GfxDevice: creating device client; kGfxThreadingModeNonThreaded
Direct3D:
    Version:  Direct3D 11.0 [level 11.1]
    Renderer: AMD Radeon(TM) Graphics (ID=0x164c)
    Vendor:   ATI
    VRAM:     7854 MB
    Driver:   31.0.21912.3005
Initialize mono
Mono path[0] = 'C:/Program Files/Unity/Hub/Editor/6000.0.32f1/Editor/Data/Managed'
Mono path[1] = 'C:/Program Files/Unity/Hub/Editor/6000.0.32f1/Editor/Data/MonoBleedingEdge/lib/mono/unityjit-win32'
Mono config path = 'C:/Program Files/Unity/Hub/Editor/6000.0.32f1/Editor/Data/MonoBleedingEdge/etc'
Using monoOptions --debugger-agent=transport=dt_socket,embedding=1,server=y,suspend=n,address=127.0.0.1:56356
Begin MonoManager ReloadAssembly
Registering precompiled unity dll's ...
Register platform support module: C:/Program Files/Unity/Hub/Editor/6000.0.32f1/Editor/Data/PlaybackEngines/WebGLSupport/UnityEditor.WebGL.Extensions.dll
Register platform support module: C:/Program Files/Unity/Hub/Editor/6000.0.32f1/Editor/Data/PlaybackEngines/WindowsStandaloneSupport/UnityEditor.WindowsStandalone.Extensions.dll
Register platform support module: C:/Program Files/Unity/Hub/Editor/6000.0.32f1/Editor/Data/PlaybackEngines/AndroidPlayer/UnityEditor.Android.Extensions.dll
Register platform support module: C:/Program Files/Unity/Hub/Editor/6000.0.32f1/Editor/Data/PlaybackEngines/iOSSupport/UnityEditor.iOS.Extensions.dll
Registered in 0.011147 seconds.
- Loaded All Assemblies, in  0.737 seconds
[usbmuxd] Start listen thread
[usbmuxd] Listen thread started
Native extension for iOS target not found
Native extension for Android target not found
Android Extension - Scanning For ADB Devices 512 ms
Native extension for WindowsStandalone target not found
Native extension for WebGL target not found
Mono: successfully reloaded assembly
- Finished resetting the current domain, in  1.170 seconds
Domain Reload Profiling: 1903ms
	BeginReloadAssembly (260ms)
		ExecutionOrderSort (0ms)
		DisableScriptedObjects (0ms)
		BackupInstance (0ms)
		ReleaseScriptingObjects (0ms)
		CreateAndSetChildDomain (1ms)
	RebuildCommonClasses (63ms)
	RebuildNativeTypeToScriptingClass (27ms)
	initialDomainReloadingComplete (90ms)
	LoadAllAssembliesAndSetupDomain (293ms)
		LoadAssemblies (254ms)
		RebuildTransferFunctionScriptingTraits (0ms)
		AnalyzeDomain (284ms)
			TypeCache.Refresh (281ms)
				TypeCache.ScanAssembly (261ms)
			BuildScriptInfoCaches (0ms)
			ResolveRequiredComponents (1ms)
	FinalizeReload (1170ms)
		ReleaseScriptCaches (0ms)
		RebuildScriptCaches (0ms)
		SetupLoadedEditorAssemblies (1097ms)
			LogAssemblyErrors (0ms)
			InitializePlatformSupportModulesInManaged (678ms)
			SetLoadedEditorAssemblies (10ms)
			BeforeProcessingInitializeOnLoad (106ms)
			ProcessInitializeOnLoadAttributes (213ms)
			ProcessInitializeOnLoadMethodAttributes (89ms)
			AfterProcessingInitializeOnLoad (0ms)
			EditorAssembliesLoaded (0ms)
		ExecutionOrderSort2 (0ms)
		AwakeInstancesAfterBackupRestoration (0ms)
========================================================================
Worker process is ready to serve import requests
Import Worker Mode flag is 0x00
Begin MonoManager ReloadAssembly
- Loaded All Assemblies, in  1.113 seconds
Refreshing native plugins compatible for Editor in 2.47 ms, found 3 plugins.
Native extension for iOS target not found
Native extension for Android target not found
Native extension for WindowsStandalone target not found
Native extension for WebGL target not found
Mono: successfully reloaded assembly
- Finished resetting the current domain, in  1.228 seconds
Domain Reload Profiling: 2334ms
	BeginReloadAssembly (206ms)
		ExecutionOrderSort (0ms)
		DisableScriptedObjects (6ms)
		BackupInstance (0ms)
		ReleaseScriptingObjects (0ms)
		CreateAndSetChildDomain (40ms)
	RebuildCommonClasses (45ms)
	RebuildNativeTypeToScriptingClass (13ms)
	initialDomainReloadingComplete (47ms)
	LoadAllAssembliesAndSetupDomain (793ms)
		LoadAssemblies (546ms)
		RebuildTransferFunctionScriptingTraits (0ms)
		AnalyzeDomain (372ms)
			TypeCache.Refresh (255ms)
				TypeCache.ScanAssembly (235ms)
			BuildScriptInfoCaches (99ms)
			ResolveRequiredComponents (13ms)
	FinalizeReload (1228ms)
		ReleaseScriptCaches (0ms)
		RebuildScriptCaches (0ms)
		SetupLoadedEditorAssemblies (971ms)
			LogAssemblyErrors (0ms)
			InitializePlatformSupportModulesInManaged (35ms)
			SetLoadedEditorAssemblies (6ms)
			BeforeProcessingInitializeOnLoad (207ms)
			ProcessInitializeOnLoadAttributes (604ms)
			ProcessInitializeOnLoadMethodAttributes (109ms)
			AfterProcessingInitializeOnLoad (9ms)
			EditorAssembliesLoaded (0ms)
		ExecutionOrderSort2 (0ms)
		AwakeInstancesAfterBackupRestoration (8ms)
Launched and connected shader compiler UnityShaderCompiler.exe after 0.02 seconds
Refreshing native plugins compatible for Editor in 2.02 ms, found 3 plugins.
Preloading 0 native plugins for Editor in 0.00 ms.
Unloading 216 Unused Serialized files (Serialized files now loaded: 0)
Unloading 6971 unused Assets / (6.1 MB). Loaded Objects now: 7672.
Memory consumption went from 172.2 MB to 166.1 MB.
Total: 14.999100 ms (FindLiveObjects: 1.495300 ms CreateObjectMapping: 1.435700 ms MarkObjects: 6.407800 ms  DeleteObjects: 5.658400 ms)

========================================================================
Received Import Request.
  Time since last request: 1086984.983560 seconds.
  path: Assets/3D-Models/Erbeilo3d_StylizePack_Demo/Assets/Modular_Big_Piece/Model/Roof_Modular_V3.fbx
  artifactKey: Guid(31ad96635419deb47981c5483095430c) Importer(815301076,1909f56bfc062723c751e8b465ee728b)
Start importing Assets/3D-Models/Erbeilo3d_StylizePack_Demo/Assets/Modular_Big_Piece/Model/Roof_Modular_V3.fbx using Guid(31ad96635419deb47981c5483095430c) Importer(815301076,1909f56bfc062723c751e8b465ee728b) (PreviewImporter) -> (artifact id: 'd8f3b8a04dc2e91cbb4237afd2b28ecc') in 1.0594381 seconds
Number of updated asset objects reloaded before import = 0Number of asset objects unloaded after import = 23

========================================================================
Received Import Request.
  Time since last request: 0.000086 seconds.
  path: Assets/3D-Models/Erbeilo3d_StylizePack_Demo/Assets/Modular_Big_Piece/Model/Side_house_Piece.fbx
  artifactKey: Guid(ef16819034ce2c04d81e703a49e145be) Importer(815301076,1909f56bfc062723c751e8b465ee728b)
Start importing Assets/3D-Models/Erbeilo3d_StylizePack_Demo/Assets/Modular_Big_Piece/Model/Side_house_Piece.fbx using Guid(ef16819034ce2c04d81e703a49e145be) Importer(815301076,1909f56bfc062723c751e8b465ee728b) (PreviewImporter) -> (artifact id: '67a79a972f3db0f618e83ad77e8f78cb') in 0.1499809 seconds
Number of updated asset objects reloaded before import = 0Number of asset objects unloaded after import = 27

========================================================================
Received Import Request.
  Time since last request: 0.178651 seconds.
  path: Assets/3D-Models/Erbeilo3d_StylizePack_Demo/Assets/Modular_Big_Piece/Prefab/Stair_V2.prefab
  artifactKey: Guid(f3b50c5960b2c744db37c59400cf665e) Importer(815301076,1909f56bfc062723c751e8b465ee728b)
Start importing Assets/3D-Models/Erbeilo3d_StylizePack_Demo/Assets/Modular_Big_Piece/Prefab/Stair_V2.prefab using Guid(f3b50c5960b2c744db37c59400cf665e) Importer(815301076,1909f56bfc062723c751e8b465ee728b) (PreviewImporter) -> (artifact id: '482eab318f8a1a9becea780c481a15d3') in 0.0795718 seconds
Number of updated asset objects reloaded before import = 0Number of asset objects unloaded after import = 12

========================================================================
Received Import Request.
  Time since last request: 1050.884288 seconds.
  path: Assets/3D-Models/Erbeilo3d_StylizePack_Demo/Assets/Roof/Texture/Chimney_._MaskMap.png
  artifactKey: Guid(33755fb8fc84f2d4c96498dae890c6a6) Importer(815301076,1909f56bfc062723c751e8b465ee728b)
Start importing Assets/3D-Models/Erbeilo3d_StylizePack_Demo/Assets/Roof/Texture/Chimney_._MaskMap.png using Guid(33755fb8fc84f2d4c96498dae890c6a6) Importer(815301076,1909f56bfc062723c751e8b465ee728b) (PreviewImporter) -> (artifact id: 'b1b79d0756e90496c70f7311c96e7bae') in 0.0445226 seconds
Number of updated asset objects reloaded before import = 0Number of asset objects unloaded after import = 2

========================================================================
Received Import Request.
  Time since last request: 3.223211 seconds.
  path: Assets/3D-Models/Erbeilo3d_StylizePack_Demo/Assets/ModularPiece/Texture/Ground_house_Drip_MaskMap.png
  artifactKey: Guid(381a9b025b1b50d459bfa5777c56bcaa) Importer(815301076,1909f56bfc062723c751e8b465ee728b)
Start importing Assets/3D-Models/Erbeilo3d_StylizePack_Demo/Assets/ModularPiece/Texture/Ground_house_Drip_MaskMap.png using Guid(381a9b025b1b50d459bfa5777c56bcaa) Importer(815301076,1909f56bfc062723c751e8b465ee728b) (PreviewImporter) -> (artifact id: 'd38ea82ba200b8f7ee38ff2fac87d97f') in 0.0267187 seconds
Number of updated asset objects reloaded before import = 0Number of asset objects unloaded after import = 2

========================================================================
Received Import Request.
  Time since last request: 0.000039 seconds.
  path: Assets/3D-Models/Erbeilo3d_StylizePack_Demo/Assets/ModularPiece/Texture/Ground_house_Drip_Normal.png
  artifactKey: Guid(717fbd284972654408213ae2dba54772) Importer(815301076,1909f56bfc062723c751e8b465ee728b)
Start importing Assets/3D-Models/Erbeilo3d_StylizePack_Demo/Assets/ModularPiece/Texture/Ground_house_Drip_Normal.png using Guid(717fbd284972654408213ae2dba54772) Importer(815301076,1909f56bfc062723c751e8b465ee728b) (PreviewImporter) -> (artifact id: '492cc5b7ab8d90203c0a73410f020b6e') in 0.0350082 seconds
Number of updated asset objects reloaded before import = 0Number of asset objects unloaded after import = 2

========================================================================
Received Import Request.
  Time since last request: 5.057072 seconds.
  path: Assets/3D-Models/Erbeilo3d_StylizePack_Demo/Assets/ModularPiece/Texture/Plane_._MaskMap.png
  artifactKey: Guid(390b2cf83981ee046be8b36ff4a808b0) Importer(815301076,1909f56bfc062723c751e8b465ee728b)
Start importing Assets/3D-Models/Erbeilo3d_StylizePack_Demo/Assets/ModularPiece/Texture/Plane_._MaskMap.png using Guid(390b2cf83981ee046be8b36ff4a808b0) Importer(815301076,1909f56bfc062723c751e8b465ee728b) (PreviewImporter) -> (artifact id: 'b1f647e0eb811265167f8ac908aecd49') in 0.0275831 seconds
Number of updated asset objects reloaded before import = 0Number of asset objects unloaded after import = 2

========================================================================
Received Import Request.
  Time since last request: 0.000034 seconds.
  path: Assets/3D-Models/Erbeilo3d_StylizePack_Demo/Assets/ModularPiece/Texture/Plane_._Normal.png
  artifactKey: Guid(a04e790d0db72a24daa8f361769c7afd) Importer(815301076,1909f56bfc062723c751e8b465ee728b)
Start importing Assets/3D-Models/Erbeilo3d_StylizePack_Demo/Assets/ModularPiece/Texture/Plane_._Normal.png using Guid(a04e790d0db72a24daa8f361769c7afd) Importer(815301076,1909f56bfc062723c751e8b465ee728b) (PreviewImporter) -> (artifact id: 'ae7c2cf9bddfb6b0cc94ccf209b392d7') in 0.0274581 seconds
Number of updated asset objects reloaded before import = 0Number of asset objects unloaded after import = 2

========================================================================
Received Prepare
Begin MonoManager ReloadAssembly
- Loaded All Assemblies, in  1.148 seconds
Refreshing native plugins compatible for Editor in 1.97 ms, found 3 plugins.
Native extension for iOS target not found
Native extension for Android target not found
Native extension for WindowsStandalone target not found
Native extension for WebGL target not found
Mono: successfully reloaded assembly
- Finished resetting the current domain, in  1.358 seconds
Domain Reload Profiling: 2506ms
	BeginReloadAssembly (316ms)
		ExecutionOrderSort (0ms)
		DisableScriptedObjects (26ms)
		BackupInstance (0ms)
		ReleaseScriptingObjects (0ms)
		CreateAndSetChildDomain (93ms)
	RebuildCommonClasses (50ms)
	RebuildNativeTypeToScriptingClass (16ms)
	initialDomainReloadingComplete (39ms)
	LoadAllAssembliesAndSetupDomain (726ms)
		LoadAssemblies (553ms)
		RebuildTransferFunctionScriptingTraits (0ms)
		AnalyzeDomain (318ms)
			TypeCache.Refresh (12ms)
				TypeCache.ScanAssembly (0ms)
			BuildScriptInfoCaches (284ms)
			ResolveRequiredComponents (16ms)
	FinalizeReload (1359ms)
		ReleaseScriptCaches (0ms)
		RebuildScriptCaches (0ms)
		SetupLoadedEditorAssemblies (1039ms)
			LogAssemblyErrors (0ms)
			InitializePlatformSupportModulesInManaged (26ms)
			SetLoadedEditorAssemblies (5ms)
			BeforeProcessingInitializeOnLoad (180ms)
			ProcessInitializeOnLoadAttributes (693ms)
			ProcessInitializeOnLoadMethodAttributes (123ms)
			AfterProcessingInitializeOnLoad (11ms)
			EditorAssembliesLoaded (1ms)
		ExecutionOrderSort2 (0ms)
		AwakeInstancesAfterBackupRestoration (25ms)
Refreshing native plugins compatible for Editor in 4.39 ms, found 3 plugins.
Preloading 0 native plugins for Editor in 0.00 ms.
Unloading 24 Unused Serialized files (Serialized files now loaded: 0)
Unloading 6968 unused Assets / (5.6 MB). Loaded Objects now: 7726.
Memory consumption went from 167.6 MB to 162.0 MB.
Total: 19.720300 ms (FindLiveObjects: 1.868300 ms CreateObjectMapping: 2.082900 ms MarkObjects: 9.775300 ms  DeleteObjects: 5.991700 ms)

Prepare: number of updated asset objects reloaded= 0
========================================================================
Received Import Request.
  Time since last request: 1658.540417 seconds.
  path: Assets/Prefab/NewLayer 1.terrainlayer
  artifactKey: Guid(597c6fb0fde607a43bfa7468b7719e18) Importer(815301076,1909f56bfc062723c751e8b465ee728b)
Start importing Assets/Prefab/NewLayer 1.terrainlayer using Guid(597c6fb0fde607a43bfa7468b7719e18) Importer(815301076,1909f56bfc062723c751e8b465ee728b) (PreviewImporter) -> (artifact id: '11a84f26d370b06fe9d8567f9c307ac9') in 0.2076422 seconds
Number of updated asset objects reloaded before import = 0Number of asset objects unloaded after import = 2

========================================================================
Received Import Request.
  Time since last request: 98.334157 seconds.
  path: Assets/Dzeruza/CliffStonePackS/DemoScenes/TerrainData_CliffStonePackS_B_HDRP.asset
  artifactKey: Guid(f325deb5191aa9e4aae1ee71cdda5904) Importer(815301076,1909f56bfc062723c751e8b465ee728b)
Start importing Assets/Dzeruza/CliffStonePackS/DemoScenes/TerrainData_CliffStonePackS_B_HDRP.asset using Guid(f325deb5191aa9e4aae1ee71cdda5904) Importer(815301076,1909f56bfc062723c751e8b465ee728b) (PreviewImporter) -> (artifact id: '6227a8a8f7f5cbb80c861005f70d7a69') in 0.0750569 seconds
Number of updated asset objects reloaded before import = 0Number of asset objects unloaded after import = 48

========================================================================
Received Import Request.
  Time since last request: 62.632649 seconds.
  path: Assets/Dzeruza/CliffStonePackS/Materials/Stones/M_Cliffs_S_Grey.mat
  artifactKey: Guid(62f8b3de395358c40b5bc201dfce9c26) Importer(815301076,1909f56bfc062723c751e8b465ee728b)
Start importing Assets/Dzeruza/CliffStonePackS/Materials/Stones/M_Cliffs_S_Grey.mat using Guid(62f8b3de395358c40b5bc201dfce9c26) Importer(815301076,1909f56bfc062723c751e8b465ee728b) (PreviewImporter) -> (artifact id: '5a521dabbb9a4c5b594581a81d1b8cea') in 0.6447937 seconds
Number of updated asset objects reloaded before import = 0Number of asset objects unloaded after import = 7

========================================================================
Received Import Request.
  Time since last request: 347.767852 seconds.
  path: Assets/Dzeruza/CliffStonePackS/3DModels/Prefabs/Cliffs S Brown/SM_Cliff_S2_Brown.prefab
  artifactKey: Guid(092cacf3d5727c14cbf4cacd9a2bd3a7) Importer(815301076,1909f56bfc062723c751e8b465ee728b)
Start importing Assets/Dzeruza/CliffStonePackS/3DModels/Prefabs/Cliffs S Brown/SM_Cliff_S2_Brown.prefab using Guid(092cacf3d5727c14cbf4cacd9a2bd3a7) Importer(815301076,1909f56bfc062723c751e8b465ee728b) (PreviewImporter) -> (artifact id: 'b6aa4c99cc97f1f1c8e3339ad92a989b') in 0.1356447 seconds
Number of updated asset objects reloaded before import = 0Number of asset objects unloaded after import = 64

========================================================================
Received Import Request.
  Time since last request: 0.000064 seconds.
  path: Assets/Dzeruza/CliffStonePackS/3DModels/Prefabs/Cliffs S Brown/SM_Cliff_S5_Rock_Brown.prefab
  artifactKey: Guid(b50a738618bb59e498677237e2f40572) Importer(815301076,1909f56bfc062723c751e8b465ee728b)
Start importing Assets/Dzeruza/CliffStonePackS/3DModels/Prefabs/Cliffs S Brown/SM_Cliff_S5_Rock_Brown.prefab using Guid(b50a738618bb59e498677237e2f40572) Importer(815301076,1909f56bfc062723c751e8b465ee728b) (PreviewImporter) -> (artifact id: 'a7b0c3d8747c484278157b9d78f4f575') in 0.0820749 seconds
Number of updated asset objects reloaded before import = 0Number of asset objects unloaded after import = 73

========================================================================
Received Import Request.
  Time since last request: 0.000049 seconds.
  path: Assets/Dzeruza/CliffStonePackS/3DModels/Prefabs/Cliffs S Brown/SM_Cliff_S_Rockpile2_Brown.prefab
  artifactKey: Guid(33c957090830b1e449c9fd270da13c99) Importer(815301076,1909f56bfc062723c751e8b465ee728b)
Start importing Assets/Dzeruza/CliffStonePackS/3DModels/Prefabs/Cliffs S Brown/SM_Cliff_S_Rockpile2_Brown.prefab using Guid(33c957090830b1e449c9fd270da13c99) Importer(815301076,1909f56bfc062723c751e8b465ee728b) (PreviewImporter) -> (artifact id: '12c0397b4c03d2a5dc5bc739126a4708') in 0.079997 seconds
Number of updated asset objects reloaded before import = 0Number of asset objects unloaded after import = 73

========================================================================
Received Import Request.
  Time since last request: 0.000055 seconds.
  path: Assets/Dzeruza/CliffStonePackS/3DModels/Prefabs/Cliffs S Brown/SM_Cliff_S_Rockpile3_Brown.prefab
  artifactKey: Guid(c0b22b028447d2a41bdecbb7bacde443) Importer(815301076,1909f56bfc062723c751e8b465ee728b)
Start importing Assets/Dzeruza/CliffStonePackS/3DModels/Prefabs/Cliffs S Brown/SM_Cliff_S_Rockpile3_Brown.prefab using Guid(c0b22b028447d2a41bdecbb7bacde443) Importer(815301076,1909f56bfc062723c751e8b465ee728b) (PreviewImporter) -> (artifact id: 'd37b9eebe06c03ccccb9fcd4fc62ad29') in 0.0713934 seconds
Number of updated asset objects reloaded before import = 0Number of asset objects unloaded after import = 73

========================================================================
Received Import Request.
  Time since last request: 0.000049 seconds.
  path: Assets/Dzeruza/CliffStonePackS/3DModels/Prefabs/Cliffs S Brown/SM_Cliff_S4_Rock_Brown.prefab
  artifactKey: Guid(1b972af0266dc9746b6c489a41b34529) Importer(815301076,1909f56bfc062723c751e8b465ee728b)
Start importing Assets/Dzeruza/CliffStonePackS/3DModels/Prefabs/Cliffs S Brown/SM_Cliff_S4_Rock_Brown.prefab using Guid(1b972af0266dc9746b6c489a41b34529) Importer(815301076,1909f56bfc062723c751e8b465ee728b) (PreviewImporter) -> (artifact id: '0acd8d7a34d08d105b406cfda6f5c650') in 0.0711791 seconds
Number of updated asset objects reloaded before import = 0Number of asset objects unloaded after import = 73

========================================================================
Received Import Request.
  Time since last request: 0.000094 seconds.
  path: Assets/Dzeruza/CliffStonePackS/3DModels/Prefabs/Cliffs S Brown/SM_Cliff_S3_Brown.prefab
  artifactKey: Guid(8aaf1963cb04d2846930719dc6408493) Importer(815301076,1909f56bfc062723c751e8b465ee728b)
Start importing Assets/Dzeruza/CliffStonePackS/3DModels/Prefabs/Cliffs S Brown/SM_Cliff_S3_Brown.prefab using Guid(8aaf1963cb04d2846930719dc6408493) Importer(815301076,1909f56bfc062723c751e8b465ee728b) (PreviewImporter) -> (artifact id: '985e65b4802c32f9dda313f61ab7a1e0') in 0.0652261 seconds
Number of updated asset objects reloaded before import = 0Number of asset objects unloaded after import = 64

========================================================================
Received Import Request.
  Time since last request: 34.077913 seconds.
  path: Assets/Dzeruza/CliffStonePackS/Textures/Grass/T_Grass_Normal.png
  artifactKey: Guid(3b740580055ddf8418be818b05caa01b) Importer(815301076,1909f56bfc062723c751e8b465ee728b)
Start importing Assets/Dzeruza/CliffStonePackS/Textures/Grass/T_Grass_Normal.png using Guid(3b740580055ddf8418be818b05caa01b) Importer(815301076,1909f56bfc062723c751e8b465ee728b) (PreviewImporter) -> (artifact id: '389d6511ac2454de5d16ef75528c0489') in 0.031771 seconds
Number of updated asset objects reloaded before import = 0Number of asset objects unloaded after import = 2

========================================================================
Received Import Request.
  Time since last request: 1.959267 seconds.
  path: Assets/Dzeruza/CliffStonePackS/Textures/Stones/T_Cliffs_S_Grey_BaseMap.png
  artifactKey: Guid(e58e6333f78e8a749ad8617e8dbe7af9) Importer(815301076,1909f56bfc062723c751e8b465ee728b)
Start importing Assets/Dzeruza/CliffStonePackS/Textures/Stones/T_Cliffs_S_Grey_BaseMap.png using Guid(e58e6333f78e8a749ad8617e8dbe7af9) Importer(815301076,1909f56bfc062723c751e8b465ee728b) (PreviewImporter) -> (artifact id: 'e6b52826af8047bcf62ab7fe08ddb528') in 0.0406713 seconds
Number of updated asset objects reloaded before import = 0Number of asset objects unloaded after import = 2

========================================================================
Received Import Request.
  Time since last request: 0.000066 seconds.
  path: Assets/Dzeruza/CliffStonePackS/Textures/Stones/T_Cliffs_S_MaskMap.png
  artifactKey: Guid(83b6284cfc4ff444089ce5704fcc9297) Importer(815301076,1909f56bfc062723c751e8b465ee728b)
Start importing Assets/Dzeruza/CliffStonePackS/Textures/Stones/T_Cliffs_S_MaskMap.png using Guid(83b6284cfc4ff444089ce5704fcc9297) Importer(815301076,1909f56bfc062723c751e8b465ee728b) (PreviewImporter) -> (artifact id: 'cdeb4a71435c489b19be2ab8477cc3cd') in 0.0360801 seconds
Number of updated asset objects reloaded before import = 0Number of asset objects unloaded after import = 2

========================================================================
Received Import Request.
  Time since last request: 0.000037 seconds.
  path: Assets/Dzeruza/CliffStonePackS/Textures/Stones/T_Cliffs_S_Roughness.png
  artifactKey: Guid(54143fcd747d61b4e8fa931d47f5477c) Importer(815301076,1909f56bfc062723c751e8b465ee728b)
Start importing Assets/Dzeruza/CliffStonePackS/Textures/Stones/T_Cliffs_S_Roughness.png using Guid(54143fcd747d61b4e8fa931d47f5477c) Importer(815301076,1909f56bfc062723c751e8b465ee728b) (PreviewImporter) -> (artifact id: 'cd271185d85d808214efd03282444843') in 0.0451086 seconds
Number of updated asset objects reloaded before import = 0Number of asset objects unloaded after import = 2

========================================================================
Received Import Request.
  Time since last request: 2.046922 seconds.
  path: Assets/Dzeruza/CliffStonePackS/Textures/Terrain/T_CliffStones_S_Mud_BaseMap.png
  artifactKey: Guid(f30b6e5a314bcce45b0fb769aa062782) Importer(815301076,1909f56bfc062723c751e8b465ee728b)
Start importing Assets/Dzeruza/CliffStonePackS/Textures/Terrain/T_CliffStones_S_Mud_BaseMap.png using Guid(f30b6e5a314bcce45b0fb769aa062782) Importer(815301076,1909f56bfc062723c751e8b465ee728b) (PreviewImporter) -> (artifact id: 'ba7bb21f1ab3c67abc0f785232e9127a') in 0.0334611 seconds
Number of updated asset objects reloaded before import = 0Number of asset objects unloaded after import = 2

Editor requested this worker to shutdown with reason: Scaling down because of idle timeout
AssetImportWorker is now disconnected from the server
Process exiting
Exiting without the bug reporter. Application will terminate with return code 0